Read content: void putstring(char* s) {
  while (*s) {
    putchar(*s);
    s = s + 1;
  }
}

void putnumber(int n) {
  int acc = 0;
  int i = 0;
  int *digits = malloc(10 * sizeof(int));
  
  if (digits == 0) {
 
Quote: "
Backslash: \
Read len: 199
Read result: void putstring(char* s) {
  while (*s) {
    putchar(*s);
    s = s + 1;
  }
}

void putnumber(int n) {
  int acc = 0;
  int i = 0;
  int *digits = malloc(10 * sizeof(int));
  
  if (digits == 0) {
 
hash: 199
Read content: void putstring(char* s) {
  while (*s) {
    putchar(*s);
    s = s + 1;
  }
}

void putnumber(int n) {
  int acc = 0;
  int i = 0;
  int *digits = malloc(10 * sizeof(int));
  
  if (digits == 0) {
 
Quote: "
Backslash: \
Read len: 199
Read result: void putstring(char* s) {
  while (*s) {
    putchar(*s);
    s = s + 1;
  }
}

void putnumber(int n) {
  int acc = 0;
  int i = 0;
  int *digits = malloc(10 * sizeof(int));
  
  if (digits == 0) {
 
hash: 199
Read content: void putstring(char* s) {
  while (*s) {
    putchar(*s);
    s = s + 1;
  }
}

void putnumber(int n) {
  int acc = 0;
  int i = 0;
  int *digits = malloc(10 * sizeof(int));
  
  if (digits == 0) {
 
Quote: "
Backslash: \
Read len: 199
Read result: void putstring(char* s) {
  while (*s) {
    putchar(*s);
    s = s + 1;
  }
}

void putnumber(int n) {
  int acc = 0;
  int i = 0;
  int *digits = malloc(10 * sizeof(int));
  
  if (digits == 0) {
 
hash: 199
Read content: void putstring(char* s) {
  while (*s) {
    putchar(*s);
    s = s + 1;
  }
}

void putnumber(int n) {
  int acc = 0;
  int i = 0;
  int *digits = malloc(10 * sizeof(int));
  
  if (digits == 0) {
 
Quote: "
Backslash: \
Read len: 199
Read result: void putstring(char* s) {
  while (*s) {
    putchar(*s);
    s = s + 1;
  }
}

void putnumber(int n) {
  int acc = 0;
  int i = 0;
  int *digits = malloc(10 * sizeof(int));
  
  if (digits == 0) {
 
hash: 199
