# test_enums
Direction: 0 1
Direction: 2 3
# test_stack_structs
pt2: 15 16
0 0
1 1
2 4
# test_heap_structs
r1: 6 5
r2: 8 7
# test_static_structs
point_static1: 5 12
point_static2: 0 0
point_static1: 5 12
point_static2: 5 12
points_static[0]: 1 2
points_static[1]: 3 4
points_static[2]: 1 2
# test_struct_assignment
pt1: 5 6
pt2: 5 6
0 0
1 1
2 4
# test_ptr_arith
# test_nested_structs
2 4 0 0
3 9 1 1
4 16 2 4
ns1: 1 2 3 4 5 6
ns2 before: 1 2 3 4 5 6
# test_passing_as_value
pt: 5 6
pass_as_value: Point: 5 6
pass_as_value: Point: 123 456
pt: 5 6
pass_as_ref: Point: 5 6
pass_as_ref: Point: 123 456
pt after pass_as_ref: 123 456
shape_stack: 5 6
pass_as_value: Point: 5 6
pass_as_value: Point: 123 456
shape_stack: 5 6
pass_as_ref: Point: 5 6
pass_as_ref: Point: 123 456
shape_stack after pass_as_ref: 123 456
# test_casts
0 0 0 0
13 17 19 23
26 34 38 46
39 51 57 69
52 68 76 92
