Hello, world!
42
a
Hello C-3PO
Hello, world!
Hello, world! R2-D2
Hello, world! <       ROBOT>
'42        '
'a'
'2a        '
'world     '
'       +42'
'a'
'        2a'
'     world'
' 42'
'-42'
'2a'
'world'
'      0x2a'
'0x2a      '
'052       '
'052       '
'42'
'0042'
'002a'
'  42'
'  42'
'    Wooooooo'
'    Wooooooo'
'0042'
'002a'
'002A'
'Wooo'
