42
Beau velo
Beau velo (%s) bleu
Beau velo (%s) bleu rouge
ALLO
Allo in hex: 0x41 0x4c 0x4c 0x4f
alphabet:
ABCDEFHIJKLMNOPQRSTUVWXYZ
4 first letters of the alphabet with .*s:
ABCD
4 first letters of the alphabet with 0.4s:
ABCD
Last 4 letters of the alphabet with padding:
                     VWXYZ
