'i' = i: 1
'n' = n: 1
't' = t: 1
' ' =  : 4
'm' = m: 1
'a' = a: 1
'i' = i: 1
'n' = n: 1
'(' = (: 4
')' = ): 4
' ' =  : 4
'{' = {: 4
'
' = 
: 3
' ' =  : 4
' ' =  : 4
'i' = i: 1
'n' = n: 1
't' = t: 1
' ' =  : 4
'f' = f: 1
';' = ;: 4
'
' = 
: 3
' ' =  : 4
' ' =  : 4
'c' = c: 1
'h' = h: 1
'a' = a: 1
'r' = r: 1
' ' =  : 4
'c' = c: 1
';' = ;: 4
'
' = 
: 3
' ' =  : 4
' ' =  : 4
'f' = f: 1
' ' =  : 4
'=' = =: 4
' ' =  : 4
'f' = f: 1
'o' = o: 1
'p' = p: 1
'e' = e: 1
'n' = n: 1
'(' = (: 4
'"' = ": 4
't' = t: 1
'e' = e: 1
's' = s: 1
't' = t: 1
's' = s: 1
'/' = /: 4
'_' = _: 4
'a' = a: 1
'l' = l: 1
'l' = l: 1
'/' = /: 4
's' = s: 1
'i' = i: 1
'x' = x: 1
'-' = -: 4
'c' = c: 1
'c' = c: 1
'-' = -: 4
't' = t: 1
'e' = e: 1
's' = s: 1
't' = t: 1
's' = s: 1
'/' = /: 4
'f' = f: 1
'g' = g: 1
'e' = e: 1
't' = t: 1
'c' = c: 1
'.' = .: 4
'c' = c: 1
'"' = ": 4
',' = ,: 4
' ' =  : 4
'0' = 0: 4
')' = ): 4
';' = ;: 4
'
' = 
: 3
' ' =  : 4
' ' =  : 4
'w' = w: 1
'h' = h: 1
'i' = i: 1
'l' = l: 1
'e' = e: 1
' ' =  : 4
'(' = (: 4
'(' = (: 4
'c' = c: 1
' ' =  : 4
'=' = =: 4
' ' =  : 4
'f' = f: 1
'g' = g: 1
'e' = e: 1
't' = t: 1
'c' = c: 1
'(' = (: 4
'f' = f: 1
')' = ): 4
')' = ): 4
' ' =  : 4
'!' = !: 4
'=' = =: 4
' ' =  : 4
'-' = -: 4
'1' = 1: 4
')' = ): 4
' ' =  : 4
'{' = {: 4
'
' = 
: 3
' ' =  : 4
' ' =  : 4
' ' =  : 4
' ' =  : 4
'p' = p: 1
'u' = u: 1
't' = t: 1
'c' = c: 1
'h' = h: 1
'a' = a: 1
'r' = r: 1
'(' = (: 4
'c' = c: 1
')' = ): 4
';' = ;: 4
'
' = 
: 3
' ' =  : 4
' ' =  : 4
'}' = }: 4
'
' = 
: 3
' ' =  : 4
' ' =  : 4
'f' = f: 1
'c' = c: 1
'l' = l: 1
'o' = o: 1
's' = s: 1
'e' = e: 1
'(' = (: 4
'f' = f: 1
')' = ): 4
';' = ;: 4
'
' = 
: 3
'}' = }: 4
'
' = 
: 3
