0: int main() {
0: int emit_line(int line, int f) {
1:   int f;
1:   char c;
2:   char c;
2:   putchar(line+ 48);
3:   f = fopen("tests/_all/six-cc-tests/fgetc.c", 0);
3:   putchar(':');
4:   while ((c = fgetc(f)) != -1) {
4:   putchar(' ');
5:     putchar(c);
5:   while ((c = fgetc(f)) && c != -1 && c != '\n') {
6:   }
6:     putchar(c);
7:   fclose(f);
7:   }
8: }
8:   if (c != -1) {
9: 9:     putchar('\n');
